Nothing to build in platform 'axi_timer_pwm'

01:26:04 **** Incremental Build of configuration Debug for project axi_timer_pwm_sw ****
make all 
make --no-print-directory pre-build
a9-linaro-pre-build-step
 
make --no-print-directory main-build
Building file: ../src/helloworld.c
Invoking: ARM v7 gcc compiler
arm-none-eabi-gcc -Wall -O0 -g3 -c -fmessage-length=0 -MT"src/helloworld.o" -mcpu=cortex-a9 -mfpu=vfpv3 -mfloat-abi=hard -I/home/mg/Documents/sk8_drone/xilinx_test_projects/axi_timer_pwm/software/axi_timer_pwm/export/axi_timer_pwm/sw/axi_timer_pwm/standalone_domain/bspinclude/include -MMD -MP -MF"src/helloworld.d" -MT"src/helloworld.o" -o "src/helloworld.o" "../src/helloworld.c"
Finished building: ../src/helloworld.c
 
Building target: axi_timer_pwm_sw.elf
Invoking: ARM v7 gcc linker
arm-none-eabi-gcc -mcpu=cortex-a9 -mfpu=vfpv3 -mfloat-abi=hard -Wl,-build-id=none -specs=Xilinx.spec -Wl,-T -Wl,../src/lscript.ld -L/home/mg/Documents/sk8_drone/xilinx_test_projects/axi_timer_pwm/software/axi_timer_pwm/export/axi_timer_pwm/sw/axi_timer_pwm/standalone_domain/bsplib/lib -o "axi_timer_pwm_sw.elf" ./src/helloworld.o ./src/platform.o   -Wl,--start-group,-lxil,-lgcc,-lc,--end-group
Finished building target: axi_timer_pwm_sw.elf
 
Invoking: ARM v7 Print Size
arm-none-eabi-size axi_timer_pwm_sw.elf  |tee "axi_timer_pwm_sw.elf.size"
   text	   data	    bss	    dec	    hex	filename
  28191	   1176	  22640	  52007	   cb27	axi_timer_pwm_sw.elf
Finished building: axi_timer_pwm_sw.elf.size
 
01:26:05 **** Incremental Build of configuration Debug for project axi_timer_pwm_sw_system ****
make all 
Generating bif file for the system project
Executing command '::scw::generate_bif -xpfm /home/mg/Documents/sk8_drone/xilinx_test_projects/axi_timer_pwm/software/axi_timer_pwm/export/axi_timer_pwm/axi_timer_pwm.xpfm -domains standalone_domain -bifpath /home/mg/Documents/sk8_drone/xilinx_test_projects/axi_timer_pwm/software/axi_timer_pwm_sw_system/Debug/system.bif' on XSCT
sdcard_gen --xpfm /home/mg/Documents/sk8_drone/xilinx_test_projects/axi_timer_pwm/software/axi_timer_pwm/export/axi_timer_pwm/axi_timer_pwm.xpfm --sys_config axi_timer_pwm --bif /home/mg/Documents/sk8_drone/xilinx_test_projects/axi_timer_pwm/software/axi_timer_pwm_sw_system/Debug/system.bif --bitstream /home/mg/Documents/sk8_drone/xilinx_test_projects/axi_timer_pwm/software/axi_timer_pwm_sw/_ide/bitstream/subsystem_db_wrapper.bit --elf /home/mg/Documents/sk8_drone/xilinx_test_projects/axi_timer_pwm/software/axi_timer_pwm_sw/Debug/axi_timer_pwm_sw.elf,ps7_cortexa9_0
creating BOOT.BIN using /home/mg/Documents/sk8_drone/xilinx_test_projects/axi_timer_pwm/software/axi_timer_pwm_sw/_ide/bitstream/subsystem_db_wrapper.bit
Running /home/mg/Xilinx/Vitis/2023.1/bin/bootgen  -image /home/mg/Documents/sk8_drone/xilinx_test_projects/axi_timer_pwm/software/axi_timer_pwm_sw_system/Debug/sd_card_temp/boot.bif -w -o i BOOT.BIN
